// Jest Snapshot v1, https://goo.gl/fbAQLP

exports[`Phone Number generator renders PhoneNumberGenerator properly 1`] = `ShallowWrapper {}`;
